../Drivers/CMSIS/Include/core_cm4.h:1684:22:__NVIC_EnableIRQ	16	static,ignoring_inline_asm
../Drivers/CMSIS/Include/core_cm4.h:1814:22:__NVIC_SetPriority	16	static
../Core/Src/main.c:58:6:gpioConfig	4	static
../Core/Src/main.c:70:6:ExtiConfig	8	static
../Core/Src/main.c:82:6:EXTI0_IRQHandler	4	static
../Core/Src/main.c:90:6:EXTI1_IRQHandler	4	static
../Core/Src/main.c:105:5:main	8	static
../Core/Src/main.c:155:6:SystemClock_Config	88	static
../Core/Src/main.c:201:13:MX_GPIO_Init	16	static
../Core/Src/main.c:222:6:Error_Handler	4	static,ignoring_inline_asm
