17:23:39 **** Incremental Build of configuration Debug for project F103_USART1_RX_TX ****
make -j8 all 
arm-none-eabi-gcc "../Core/Src/main.c" -mcpu=cortex-m3 -std=gnu11 -g3 -DDEBUG -DUSE_HAL_DRIVER -DSTM32F103xB -c -I../Core/Inc -I../Drivers/STM32F1xx_HAL_Driver/Inc/Legacy -I../Drivers/STM32F1xx_HAL_Driver/Inc -I../Drivers/CMSIS/Device/ST/STM32F1xx/Include -I../Drivers/CMSIS/Include -O0 -ffunction-sections -fdata-sections -Wall -fstack-usage -fcyclomatic-complexity -MMD -MP -MF"Core/Src/main.d" -MT"Core/Src/main.o" --specs=nano.specs -mfloat-abi=soft -mthumb -o "Core/Src/main.o"
arm-none-eabi-gcc -o "F103_USART1_RX_TX.elf" @"objects.list"   -mcpu=cortex-m3 -T"C:\Users\PEKER\Desktop\F407VG_REGISTER\F103_USART1_RX_TX\STM32F103C8TX_FLASH.ld" --specs=nosys.specs -Wl,-Map="F103_USART1_RX_TX.map" -Wl,--gc-sections -static --specs=nano.specs -mfloat-abi=soft -mthumb -Wl,--start-group -lc -lm -Wl,--end-group
Finished building target: F103_USART1_RX_TX.elf
 
arm-none-eabi-size  F103_USART1_RX_TX.elf 
arm-none-eabi-objdump -h -S F103_USART1_RX_TX.elf  > "F103_USART1_RX_TX.list"
arm-none-eabi-objcopy  -O ihex F103_USART1_RX_TX.elf  "F103_USART1_RX_TX.hex"
   text	   data	    bss	    dec	    hex	filename
   6300	     12	   1644	   7956	   1f14	F103_USART1_RX_TX.elf
Finished building: default.size.stdout
 
Finished building: F103_USART1_RX_TX.hex
 
Finished building: F103_USART1_RX_TX.list
 

17:23:40 Build Finished. 0 errors, 0 warnings. (took 1s.348ms)

