18:17:32 **** Incremental Build of configuration Debug for project F407_LED_BLINK_ONFCARD ****
make -j8 all 
arm-none-eabi-gcc "../Core/Src/main.c" -mcpu=cortex-m4 -std=gnu11 -g3 -DDEBUG -DUSE_HAL_DRIVER -DSTM32F407xx -c -I../Core/Inc -I../Drivers/STM32F4xx_HAL_Driver/Inc -I../Drivers/STM32F4xx_HAL_Driver/Inc/Legacy -I../Drivers/CMSIS/Device/ST/STM32F4xx/Include -I../Drivers/CMSIS/Include -O0 -ffunction-sections -fdata-sections -Wall -fstack-usage -fcyclomatic-complexity -MMD -MP -MF"Core/Src/main.d" -MT"Core/Src/main.o" --specs=nano.specs -mfpu=fpv4-sp-d16 -mfloat-abi=hard -mthumb -o "Core/Src/main.o"
arm-none-eabi-gcc -o "F407_LED_BLINK_ONFCARD.elf" @"objects.list"   -mcpu=cortex-m4 -T"C:\Users\PEKER\Desktop\F407VG_REGISTER\F407_LED_BLINK_ONFCARD\STM32F407VGTX_FLASH.ld" --specs=nosys.specs -Wl,-Map="F407_LED_BLINK_ONFCARD.map" -Wl,--gc-sections -static --specs=nano.specs -mfpu=fpv4-sp-d16 -mfloat-abi=hard -mthumb -Wl,--start-group -lc -lm -Wl,--end-group
Finished building target: F407_LED_BLINK_ONFCARD.elf
 
arm-none-eabi-size  F407_LED_BLINK_ONFCARD.elf 
arm-none-eabi-objdump -h -S F407_LED_BLINK_ONFCARD.elf  > "F407_LED_BLINK_ONFCARD.list"
   text	   data	    bss	    dec	    hex	filename
   5984	     12	   1572	   7568	   1d90	F407_LED_BLINK_ONFCARD.elf
Finished building: default.size.stdout
 
Finished building: F407_LED_BLINK_ONFCARD.list
 

18:17:33 Build Finished. 0 errors, 0 warnings. (took 762ms)

