14:10:23 **** Incremental Build of configuration Debug for project F407_ADC_EXAMPLE ****
make -j8 all 
arm-none-eabi-gcc "../Core/Src/main.c" -mcpu=cortex-m4 -std=gnu11 -g3 -DDEBUG -DUSE_HAL_DRIVER -DSTM32F407xx -c -I../Core/Inc -I../Drivers/STM32F4xx_HAL_Driver/Inc -I../Drivers/STM32F4xx_HAL_Driver/Inc/Legacy -I../Drivers/CMSIS/Device/ST/STM32F4xx/Include -I../Drivers/CMSIS/Include -O0 -ffunction-sections -fdata-sections -Wall -fstack-usage -fcyclomatic-complexity -MMD -MP -MF"Core/Src/main.d" -MT"Core/Src/main.o" --specs=nano.specs -mfpu=fpv4-sp-d16 -mfloat-abi=hard -mthumb -o "Core/Src/main.o"
arm-none-eabi-gcc -o "F407_ADC_EXAMPLE.elf" @"objects.list"   -mcpu=cortex-m4 -T"C:\Users\PEKER\Desktop\F407VG_REGISTER\F407_ADC_EXAMPLE\STM32F407VGTX_FLASH.ld" --specs=nosys.specs -Wl,-Map="F407_ADC_EXAMPLE.map" -Wl,--gc-sections -static --specs=nano.specs -mfpu=fpv4-sp-d16 -mfloat-abi=hard -mthumb -Wl,--start-group -lc -lm -Wl,--end-group
Finished building target: F407_ADC_EXAMPLE.elf
 
arm-none-eabi-size  F407_ADC_EXAMPLE.elf 
arm-none-eabi-objdump -h -S F407_ADC_EXAMPLE.elf  > "F407_ADC_EXAMPLE.list"
   text	   data	    bss	    dec	    hex	filename
   5480	     12	   1572	   7064	   1b98	F407_ADC_EXAMPLE.elf
Finished building: default.size.stdout
 
Finished building: F407_ADC_EXAMPLE.list
 

14:10:25 Build Finished. 0 errors, 0 warnings. (took 2s.684ms)

