18:18:47 **** Incremental Build of configuration Debug for project F407_UARTUSART_RX_MODE ****
make -j8 all 
arm-none-eabi-gcc "../Core/Src/main.c" -mcpu=cortex-m4 -std=gnu11 -g3 -DDEBUG -DUSE_HAL_DRIVER -DSTM32F407xx -c -I../Core/Inc -I../Drivers/STM32F4xx_HAL_Driver/Inc -I../Drivers/STM32F4xx_HAL_Driver/Inc/Legacy -I../Drivers/CMSIS/Device/ST/STM32F4xx/Include -I../Drivers/CMSIS/Include -O0 -ffunction-sections -fdata-sections -Wall -fstack-usage -fcyclomatic-complexity -MMD -MP -MF"Core/Src/main.d" -MT"Core/Src/main.o" --specs=nano.specs -mfpu=fpv4-sp-d16 -mfloat-abi=hard -mthumb -o "Core/Src/main.o"
arm-none-eabi-gcc -o "F407_UARTUSART_RX_MODE.elf" @"objects.list"   -mcpu=cortex-m4 -T"C:\Users\PEKER\Desktop\F407VG_REGISTER\F407_UARTUSART_RX_MODE\STM32F407VGTX_FLASH.ld" --specs=nosys.specs -Wl,-Map="F407_UARTUSART_RX_MODE.map" -Wl,--gc-sections -static --specs=nano.specs -mfpu=fpv4-sp-d16 -mfloat-abi=hard -mthumb -Wl,--start-group -lc -lm -Wl,--end-group
Finished building target: F407_UARTUSART_RX_MODE.elf
 
arm-none-eabi-size  F407_UARTUSART_RX_MODE.elf 
arm-none-eabi-objdump -h -S F407_UARTUSART_RX_MODE.elf  > "F407_UARTUSART_RX_MODE.list"
   text	   data	    bss	    dec	    hex	filename
   5448	     12	   1572	   7032	   1b78	F407_UARTUSART_RX_MODE.elf
Finished building: default.size.stdout
 
Finished building: F407_UARTUSART_RX_MODE.list
 

18:18:48 Build Finished. 0 errors, 0 warnings. (took 1s.420ms)

