02:02:37 **** Incremental Build of configuration Debug for project TIM_IC_MODE ****
make -j8 all 
arm-none-eabi-gcc "../Core/Src/main.c" -mcpu=cortex-m4 -std=gnu11 -g3 -DDEBUG -DUSE_HAL_DRIVER -DSTM32F407xx -c -I../Core/Inc -I../Drivers/STM32F4xx_HAL_Driver/Inc -I../Drivers/STM32F4xx_HAL_Driver/Inc/Legacy -I../Drivers/CMSIS/Device/ST/STM32F4xx/Include -I../Drivers/CMSIS/Include -O0 -ffunction-sections -fdata-sections -Wall -fstack-usage -fcyclomatic-complexity -MMD -MP -MF"Core/Src/main.d" -MT"Core/Src/main.o" --specs=nano.specs -mfpu=fpv4-sp-d16 -mfloat-abi=hard -mthumb -o "Core/Src/main.o"
arm-none-eabi-gcc -o "TIM_IC_MODE.elf" @"objects.list"   -mcpu=cortex-m4 -T"C:\Users\PEKER\Desktop\F407VG_REGISTER\TIM_IC_MODE\STM32F407VGTX_FLASH.ld" --specs=nosys.specs -Wl,-Map="TIM_IC_MODE.map" -Wl,--gc-sections -static --specs=nano.specs -mfpu=fpv4-sp-d16 -mfloat-abi=hard -mthumb -Wl,--start-group -lc -lm -Wl,--end-group
Finished building target: TIM_IC_MODE.elf
 
arm-none-eabi-size  TIM_IC_MODE.elf 
arm-none-eabi-objdump -h -S TIM_IC_MODE.elf  > "TIM_IC_MODE.list"
   text	   data	    bss	    dec	    hex	filename
   5360	     12	   1588	   6960	   1b30	TIM_IC_MODE.elf
Finished building: default.size.stdout
 
Finished building: TIM_IC_MODE.list
 

02:02:38 Build Finished. 0 errors, 0 warnings. (took 813ms)

